
/
  360px
  480px
  768px
  1024px
  1280px
  1440px
  1920px

/features/
  360px
  480px
  768px
  1024px
  1280px
  1440px
  1920px

/docs/
  360px
  480px
  768px
  1024px
  1280px
  1440px
  1920px

/docs-category/getting-started/
  360px
  480px
  768px
  1024px
  1280px
  1440px
  1920px

/docs/how-to-install-storefaq/
  360px
  480px
  768px
  1024px
  1280px
  1440px
  1920px

/blog/
  360px
  480px
  768px
  1024px
  1280px
  1440px
  1920px

/best-shopify-faq-apps/
  360px
  480px
  768px
  1024px
  1280px
  1440px
  1920px

/changelog/
  360px
  480px
  768px
  1024px
  1280px
  1440px
  1920px

/privacy-policy/
  360px
  480px
  768px
  1024px
  1280px
  1440px
  1920px

Done. 108 stylesheets, 9 routes.
